[    0.000000] Linux version 4.15.0-118-generic (buildd@lgw01-amd64-039) (gcc version 7.5.0 (Ubuntu 7.5.0-3ubuntu1~18.04)) #119-Ubuntu SMP Tue Sep 8 12:30:01 UTC 2020 (Ubuntu 4.15.0-118.119-generic 4.15.18)
[    0.000000] Command line: BOOT_IMAGE=/boot/vmlinuz-4.15.0-118-generic root=LABEL=cloudimg-rootfs ro console=tty1 console=ttyS0
[    0.000000] KERNEL supported cpus:
[    0.000000]   Intel GenuineIntel
[    0.000000]   AMD AuthenticAMD
[    0.000000]   Centaur CentaurHauls
[    0.000000] x86/fpu: Supporting XSAVE feature 0x001: 'x87 floating point registers'
[    0.000000] x86/fpu: Supporting XSAVE feature 0x002: 'SSE registers'
[    0.000000] x86/fpu: Supporting XSAVE feature 0x004: 'AVX registers'
[    0.000000] x86/fpu: xstate_offset[2]:  576, xstate_sizes[2]:  256
[    0.000000] x86/fpu: Enabled xstate features 0x7, context size is 832 bytes, using 'standard' format.
[    0.000000] e820: BIOS-provided physical RAM map:
[    0.000000] BIOS-e820: [mem 0x0000000000000000-0x000000000009fbff] usable
[    0.000000] BIOS-e820: [mem 0x000000000009fc00-0x000000000009ffff] reserved
[    0.000000] BIOS-e820: [mem 0x00000000000f0000-0x00000000000fffff] reserved
[    0.000000] BIOS-e820: [mem 0x0000000000100000-0x00000000dffeffff] usable
[    0.000000] BIOS-e820: [mem 0x00000000dfff0000-0x00000000dfffffff] ACPI data
[    0.000000] BIOS-e820: [mem 0x00000000fec00000-0x00000000fec00fff] reserved
[    0.000000] BIOS-e820: [mem 0x00000000fee00000-0x00000000fee00fff] reserved
[    0.000000] BIOS-e820: [mem 0x00000000fffc0000-0x00000000ffffffff] reserved
[    0.000000] BIOS-e820: [mem 0x0000000100000000-0x000000019fffffff] usable
[    0.000000] NX (Execute Disable) protection: active
[    0.000000] SMBIOS 2.5 present.
[    0.000000] DMI: innotek GmbH VirtualBox/VirtualBox, BIOS VirtualBox 12/01/2006
[    0.000000] Hypervisor detected: KVM
[    0.000000] e820: last_pfn = 0x1a0000 max_arch_pfn = 0x400000000
[    0.000000] MTRR: Disabled
[    0.000000] x86/PAT: MTRRs disabled, skipping PAT initialization too.
[    0.000000] CPU MTRRs all blank - virtualized system.
[    0.000000] x86/PAT: Configuration [0-7]: WB  WT  UC- UC  WB  WT  UC- UC  
[    0.000000] e820: last_pfn = 0xdfff0 max_arch_pfn = 0x400000000
[    0.000000] found SMP MP-table at [mem 0x0009fff0-0x0009ffff]
[    0.000000] Scanning 1 areas for low memory corruption
[    0.000000] RAMDISK: [mem 0x35a65000-0x36d29fff]
[    0.000000] ACPI: Early table checksum verification disabled
[    0.000000] ACPI: RSDP 0x00000000000E0000 000024 (v02 VBOX  )
[    0.000000] ACPI: XSDT 0x00000000DFFF0030 00003C (v01 VBOX   VBOXXSDT 00000001 ASL  00000061)
[    0.000000] ACPI: FACP 0x00000000DFFF00F0 0000F4 (v04 VBOX   VBOXFACP 00000001 ASL  00000061)
[    0.000000] ACPI: DSDT 0x00000000DFFF0480 002325 (v02 VBOX   VBOXBIOS 00000002 INTL 20100528)
[    0.000000] ACPI: FACS 0x00000000DFFF0200 000040
[    0.000000] ACPI: FACS 0x00000000DFFF0200 000040
[    0.000000] ACPI: APIC 0x00000000DFFF0240 00006C (v02 VBOX   VBOXAPIC 00000001 ASL  00000061)
[    0.000000] ACPI: SSDT 0x00000000DFFF02B0 0001CC (v01 VBOX   VBOXCPUT 00000002 INTL 20100528)
[    0.000000] No NUMA configuration found
[    0.000000] Faking a node at [mem 0x0000000000000000-0x000000019fffffff]
[    0.000000] NODE_DATA(0) allocated [mem 0x19ffd1000-0x19fffbfff]
[    0.000000] kvm-clock: cpu 0, msr 1:9ff50001, primary cpu clock
[    0.000000] kvm-clock: Using msrs 4b564d01 and 4b564d00
[    0.000000] kvm-clock: using sched offset of 3668831314 cycles
[    0.000000] clocksource: kvm-clock: mask: 0xffffffffffffffff max_cycles: 0x1cd42e4dffb, max_idle_ns: 881590591483 ns
[    0.000000] Zone ranges:
[    0.000000]   DMA      [mem 0x0000000000001000-0x0000000000ffffff]
[    0.000000]   DMA32    [mem 0x0000000001000000-0x00000000ffffffff]
[    0.000000]   Normal   [mem 0x0000000100000000-0x000000019fffffff]
[    0.000000]   Device   empty
[    0.000000] Movable zone start for each node
[    0.000000] Early memory node ranges
[    0.000000]   node   0: [mem 0x0000000000001000-0x000000000009efff]
[    0.000000]   node   0: [mem 0x0000000000100000-0x00000000dffeffff]
[    0.000000]   node   0: [mem 0x0000000100000000-0x000000019fffffff]
[    0.000000] Reserved but unavailable: 98 pages
[    0.000000] Initmem setup node 0 [mem 0x0000000000001000-0x000000019fffffff]
[    0.000000] ACPI: PM-Timer IO Port: 0x4008
[    0.000000] IOAPIC[0]: apic_id 4, version 32, address 0xfec00000, GSI 0-23
[    0.000000] ACPI: INT_SRC_OVR (bus 0 bus_irq 0 global_irq 2 dfl dfl)
[    0.000000] ACPI: INT_SRC_OVR (bus 0 bus_irq 9 global_irq 9 low level)
[    0.000000] Using ACPI (MADT) for SMP configuration information
[    0.000000] smpboot: Allowing 4 CPUs, 0 hotplug CPUs
[    0.000000] PM: Registered nosave memory: [mem 0x00000000-0x00000fff]
[    0.000000] PM: Registered nosave memory: [mem 0x0009f000-0x0009ffff]
[    0.000000] PM: Registered nosave memory: [mem 0x000a0000-0x000effff]
[    0.000000] PM: Registered nosave memory: [mem 0x000f0000-0x000fffff]
[    0.000000] PM: Registered nosave memory: [mem 0xdfff0000-0xdfffffff]
[    0.000000] PM: Registered nosave memory: [mem 0xe0000000-0xfebfffff]
[    0.000000] PM: Registered nosave memory: [mem 0xfec00000-0xfec00fff]
[    0.000000] PM: Registered nosave memory: [mem 0xfec01000-0xfedfffff]
[    0.000000] PM: Registered nosave memory: [mem 0xfee00000-0xfee00fff]
[    0.000000] PM: Registered nosave memory: [mem 0xfee01000-0xfffbffff]
[    0.000000] PM: Registered nosave memory: [mem 0xfffc0000-0xffffffff]
[    0.000000] e820: [mem 0xe0000000-0xfebfffff] available for PCI devices
[    0.000000] Booting paravirtualized kernel on KVM
[    0.000000] clocksource: refined-jiffies: mask: 0xffffffff max_cycles: 0xffffffff, max_idle_ns: 7645519600211568 ns
[    0.000000] random: get_random_bytes called from start_kernel+0x99/0x500 with crng_init=0
[    0.000000] setup_percpu: NR_CPUS:8192 nr_cpumask_bits:4 nr_cpu_ids:4 nr_node_ids:1
[    0.000000] percpu: Embedded 45 pages/cpu s147456 r8192 d28672 u524288
[    0.000000] PV qspinlock hash table entries: 256 (order: 0, 4096 bytes)
[    0.000000] Built 1 zonelists, mobility grouping on.  Total pages: 1548153
[    0.000000] Policy zone: Normal
[    0.000000] Kernel command line: BOOT_IMAGE=/boot/vmlinuz-4.15.0-118-generic root=LABEL=cloudimg-rootfs ro console=tty1 console=ttyS0
[    0.000000] Memory: 6077660K/6291000K available (12300K kernel code, 2482K rwdata, 4272K rodata, 2436K init, 2724K bss, 213340K reserved, 0K cma-reserved)
[    0.000000] SLUB: HWalign=64, Order=0-3, MinObjects=0, CPUs=4, Nodes=1
[    0.000000] Kernel/User page tables isolation: enabled
[    0.000000] ftrace: allocating 39396 entries in 154 pages
[    0.004000] Hierarchical RCU implementation.
[    0.004000] 	RCU restricting CPUs from NR_CPUS=8192 to nr_cpu_ids=4.
[    0.004000] 	Tasks RCU enabled.
[    0.004000] RCU: Adjusting geometry for rcu_fanout_leaf=16, nr_cpu_ids=4
[    0.004000] NR_IRQS: 524544, nr_irqs: 456, preallocated irqs: 16
[    0.004000] Console: colour VGA+ 80x25
[    0.004000] console [tty1] enabled
[    0.004000] console [ttyS0] enabled
[    0.004000] ACPI: Core revision 20170831
[    0.004000] ACPI: 2 ACPI AML tables successfully acquired and loaded
[    0.004000] APIC: Switch to symmetric I/O mode setup
[    0.004000] x2apic enabled
[    0.004000] Switched APIC routing to physical x2apic.
[    0.004000] ..TIMER: vector=0x30 apic1=0 pin1=2 apic2=-1 pin2=-1
[    0.004000] tsc: Detected 2303.998 MHz processor
[    0.004007] Calibrating delay loop (skipped) preset value.. 4607.99 BogoMIPS (lpj=9215992)
[    0.005287] pid_max: default: 32768 minimum: 301
[    0.005963] Security Framework initialized
[    0.006557] Yama: becoming mindful.
[    0.007083] AppArmor: AppArmor initialized
[    0.012088] Dentry cache hash table entries: 1048576 (order: 11, 8388608 bytes)
[    0.016084] Inode-cache hash table entries: 524288 (order: 10, 4194304 bytes)
[    0.017932] Mount-cache hash table entries: 16384 (order: 5, 131072 bytes)
[    0.020008] Mountpoint-cache hash table entries: 16384 (order: 5, 131072 bytes)
[    0.021420] Last level iTLB entries: 4KB 64, 2MB 8, 4MB 8
[    0.022204] Last level dTLB entries: 4KB 64, 2MB 0, 4MB 0, 1GB 4
[    0.023112] Spectre V1 : Mitigation: usercopy/swapgs barriers and __user pointer sanitization
[    0.024002] Spectre V2 : Mitigation: Full generic retpoline
[    0.024955] Spectre V2 : Spectre v2 / SpectreRSB mitigation: Filling RSB on context switch
[    0.026781] Speculative Store Bypass: Vulnerable
[    0.028032] SRBDS: Unknown: Dependent on hypervisor status
[    0.028806] MDS: Mitigation: Clear CPU buffers
[    0.029560] Freeing SMP alternatives memory: 36K
[    0.140052] smpboot: CPU0: Intel(R) Core(TM) i9-9880H CPU @ 2.30GHz (family: 0x6, model: 0x9e, stepping: 0xd)
[    0.142384] Performance Events: unsupported p6 CPU model 158 no PMU driver, software events only.
[    0.143718] Hierarchical SRCU implementation.
[    0.145552] NMI watchdog: Perf event create on CPU 0 failed with -2
[    0.146501] NMI watchdog: Perf NMI watchdog permanently disabled
[    0.147378] smp: Bringing up secondary CPUs ...
[    0.148050] x86: Booting SMP configuration:
[    0.148655] .... node  #0, CPUs:      #1
[    0.004000] kvm-clock: cpu 1, msr 1:9ff50041, secondary cpu clock
[    0.152052]  #2
[    0.004000] kvm-clock: cpu 2, msr 1:9ff50081, secondary cpu clock
[    0.156052]  #3
[    0.004000] kvm-clock: cpu 3, msr 1:9ff500c1, secondary cpu clock
[    0.159250] smp: Brought up 1 node, 4 CPUs
[    0.160002] smpboot: Max logical packages: 1
[    0.161173] smpboot: Total of 4 processors activated (18431.98 BogoMIPS)
[    0.162546] devtmpfs: initialized
[    0.164037] x86/mm: Memory block size: 128MB
[    0.165292] evm: security.selinux
[    0.165806] evm: security.SMACK64
[    0.166314] evm: security.SMACK64EXEC
[    0.166868] evm: security.SMACK64TRANSMUTE
[    0.167493] evm: security.SMACK64MMAP
[    0.168002] evm: security.apparmor
[    0.168512] evm: security.ima
[    0.168981] evm: security.capability
[    0.169533] clocksource: jiffies: mask: 0xffffffff max_cycles: 0xffffffff, max_idle_ns: 7645041785100000 ns
[    0.169533] futex hash table entries: 1024 (order: 4, 65536 bytes)
[    0.172089] pinctrl core: initialized pinctrl subsystem
[    0.173023] RTC time: 14:01:07, date: 10/28/20
[    0.173867] NET: Registered protocol family 16
[    0.174687] audit: initializing netlink subsys (disabled)
[    0.176016] audit: type=2000 audit(1603893672.364:1): state=initialized audit_enabled=0 res=1
[    0.177756] cpuidle: using governor ladder
[    0.177756] cpuidle: using governor menu
[    0.180030] ACPI: bus type PCI registered
[    0.180660] acpiphp: ACPI Hot Plug PCI Controller Driver version: 0.5
[    0.182847] PCI: Using configuration type 1 for base access
[    0.184343] HugeTLB registered 2.00 MiB page size, pre-allocated 0 pages
[    0.185044] ACPI: Added _OSI(Module Device)
[    0.185044] ACPI: Added _OSI(Processor Device)
[    0.185385] ACPI: Added _OSI(3.0 _SCP Extensions)
[    0.186155] ACPI: Added _OSI(Processor Aggregator Device)
[    0.188005] ACPI: Added _OSI(Linux-Dell-Video)
[    0.188686] ACPI: Added _OSI(Linux-Lenovo-NV-HDMI-Audio)
[    0.189528] ACPI: Added _OSI(Linux-HPI-Hybrid-Graphics)
[    0.190509] ACPI: Executed 1 blocks of module-level executable AML code
[    0.194267] ACPI: Interpreter enabled
[    0.194908] ACPI: (supports S0 S5)
[    0.196001] ACPI: Using IOAPIC for interrupt routing
[    0.196909] PCI: Using host bridge windows from ACPI; if necessary, use "pci=nocrs" and report a bug
[    0.198330] ACPI: Enabled 2 GPEs in block 00 to 07
[    0.204224] ACPI: PCI Root Bridge [PCI0] (domain 0000 [bus 00-ff])
[    0.205166] acpi PNP0A03:00: _OSC: OS supports [ASPM ClockPM Segments MSI]
[    0.206424] acpi PNP0A03:00: _OSC: not requesting OS control; OS requires [ExtendedConfig ASPM ClockPM MSI]
[    0.207778] acpi PNP0A03:00: fail to add MMCONFIG information, can't access extended PCI configuration space under this bridge.
[    0.212024] PCI host bridge to bus 0000:00
[    0.212795] pci_bus 0000:00: root bus resource [io  0x0000-0x0cf7 window]
[    0.214578] pci_bus 0000:00: root bus resource [io  0x0d00-0xffff window]
[    0.216000] pci_bus 0000:00: root bus resource [mem 0x000a0000-0x000bffff window]
[    0.216002] pci_bus 0000:00: root bus resource [mem 0xe0000000-0xfdffffff window]
[    0.217353] pci_bus 0000:00: root bus resource [bus 00-ff]
[    0.222400] pci 0000:00:01.1: legacy IDE quirk: reg 0x10: [io  0x01f0-0x01f7]
[    0.224002] pci 0000:00:01.1: legacy IDE quirk: reg 0x14: [io  0x03f6]
[    0.225215] pci 0000:00:01.1: legacy IDE quirk: reg 0x18: [io  0x0170-0x0177]
[    0.226630] pci 0000:00:01.1: legacy IDE quirk: reg 0x1c: [io  0x0376]
[    0.261768] pci 0000:00:07.0: quirk: [io  0x4000-0x403f] claimed by PIIX4 ACPI
[    0.264016] pci 0000:00:07.0: quirk: [io  0x4100-0x410f] claimed by PIIX4 SMB
[    0.277119] ACPI: PCI Interrupt Link [LNKA] (IRQs 5 9 10 *11)
[    0.278763] ACPI: PCI Interrupt Link [LNKB] (IRQs 5 9 *10 11)
[    0.280107] ACPI: PCI Interrupt Link [LNKC] (IRQs 5 *9 10 11)
[    0.281105] ACPI: PCI Interrupt Link [LNKD] (IRQs 5 9 10 *11)
[    0.282388] SCSI subsystem initialized
[    0.283032] pci 0000:00:02.0: vgaarb: setting as boot VGA device
[    0.283032] pci 0000:00:02.0: vgaarb: VGA device added: decodes=io+mem,owns=io+mem,locks=none
[    0.284007] pci 0000:00:02.0: vgaarb: bridge control possible
[    0.284841] vgaarb: loaded
[    0.285287] ACPI: bus type USB registered
[    0.285919] usbcore: registered new interface driver usbfs
[    0.288015] usbcore: registered new interface driver hub
[    0.288830] usbcore: registered new device driver usb
[    0.289619] EDAC MC: Ver: 3.0.0
[    0.289619] PCI: Using ACPI for IRQ routing
[    0.292140] NetLabel: Initializing
[    0.292668] NetLabel:  domain hash size = 128
[    0.293337] NetLabel:  protocols = UNLABELED CIPSOv4 CALIPSO
[    0.294174] NetLabel:  unlabeled traffic allowed by default
[    0.295003] clocksource: Switched to clocksource kvm-clock
[    0.302588] VFS: Disk quotas dquot_6.6.0
[    0.303618] VFS: Dquot-cache hash table entries: 512 (order 0, 4096 bytes)
[    0.304682] AppArmor: AppArmor Filesystem Enabled
[    0.305394] pnp: PnP ACPI init
[    0.306823] pnp: PnP ACPI: found 3 devices
[    0.316086] clocksource: acpi_pm: mask: 0xffffff max_cycles: 0xffffff, max_idle_ns: 2085701024 ns
[    0.317442] NET: Registered protocol family 2
[    0.318270] TCP established hash table entries: 65536 (order: 7, 524288 bytes)
[    0.320081] TCP bind hash table entries: 65536 (order: 8, 1048576 bytes)
[    0.322382] TCP: Hash tables configured (established 65536 bind 65536)
[    0.323835] UDP hash table entries: 4096 (order: 5, 131072 bytes)
[    0.324836] UDP-Lite hash table entries: 4096 (order: 5, 131072 bytes)
[    0.325813] NET: Registered protocol family 1
[    0.326472] pci 0000:00:00.0: Limiting direct PCI/PCI transfers
[    0.327681] pci 0000:00:01.0: Activating ISA DMA hang workarounds
[    0.328676] pci 0000:00:02.0: Video device with shadowed ROM at [mem 0x000c0000-0x000dffff]
[    0.329983] Unpacking initramfs...
[    0.552878] Freeing initrd memory: 19220K
[    0.553602] PCI-DMA: Using software bounce buffering for IO (SWIOTLB)
[    0.554560] software IO TLB: mapped [mem 0xdbff0000-0xdfff0000] (64MB)
[    0.555538] clocksource: tsc: mask: 0xffffffffffffffff max_cycles: 0x2135f5e6f15, max_idle_ns: 440795231538 ns
[    0.557493] platform rtc_cmos: registered platform RTC device (no PNP device found)
[    0.559045] Scanning for low memory corruption every 60 seconds
[    0.560680] Initialise system trusted keyrings
[    0.561788] Key type blacklist registered
[    0.562827] workingset: timestamp_bits=36 max_order=21 bucket_order=0
[    0.564448] zbud: loaded
[    0.566961] squashfs: version 4.0 (2009/01/31) Phillip Lougher
[    0.568177] fuse init (API version 7.26)
[    0.570999] Key type asymmetric registered
[    0.571807] Asymmetric key parser 'x509' registered
[    0.572690] Block layer SCSI generic (bsg) driver version 0.4 loaded (major 246)
[    0.574199] io scheduler noop registered
[    0.574807] io scheduler deadline registered
[    0.575492] io scheduler cfq registered (default)
[    0.576680] ACPI: AC Adapter [AC] (off-line)
[    0.577377] input: Power Button as /devices/LNXSYSTM:00/LNXPWRBN:00/input/input0
[    0.578565] ACPI: Power Button [PWRF]
[    0.579253] input: Sleep Button as /devices/LNXSYSTM:00/LNXSLPBN:00/input/input1
[    0.580809] ACPI: Sleep Button [SLPF]
[    0.582438] ACPI: Battery Slot [BAT0] (battery present)
[    0.583251] Serial: 8250/16550 driver, 32 ports, IRQ sharing enabled
[    0.605267] 00:02: ttyS0 at I/O 0x3f8 (irq = 4, base_baud = 115200) is a 16550A
[    0.609000] Linux agpgart interface v0.103
[    0.612369] loop: module loaded
[    0.613312] scsi host0: ata_piix
[    0.613995] scsi host1: ata_piix
[    0.614752] ata1: PATA max UDMA/33 cmd 0x1f0 ctl 0x3f6 bmdma 0xd000 irq 14
[    0.615764] ata2: PATA max UDMA/33 cmd 0x170 ctl 0x376 bmdma 0xd008 irq 15
[    0.616919] libphy: Fixed MDIO Bus: probed
[    0.617747] tun: Universal TUN/TAP device driver, 1.6
[    0.618570] PPP generic driver version 2.4.2
[    0.619299] ehci_hcd: USB 2.0 'Enhanced' Host Controller (EHCI) Driver
[    0.620538] ehci-pci: EHCI PCI platform driver
[    0.621266] ehci-platform: EHCI generic platform driver
[    0.622057] ohci_hcd: USB 1.1 'Open' Host Controller (OHCI) Driver
[    0.622974] ohci-pci: OHCI PCI platform driver
[    0.623653] ohci-platform: OHCI generic platform driver
[    0.624483] uhci_hcd: USB Universal Host Controller Interface driver
[    0.625451] i8042: PNP: PS/2 Controller [PNP0303:PS2K,PNP0f03:PS2M] at 0x60,0x64 irq 1,12
[    0.627011] serio: i8042 KBD port at 0x60,0x64 irq 1
[    0.627782] serio: i8042 AUX port at 0x60,0x64 irq 12
[    0.628788] mousedev: PS/2 mouse device common for all mice
[    0.630291] input: AT Translated Set 2 keyboard as /devices/platform/i8042/serio0/input/input2
[    0.632008] rtc_cmos rtc_cmos: rtc core: registered rtc_cmos as rtc0
[    0.633111] rtc_cmos rtc_cmos: alarms up to one day, 114 bytes nvram
[    0.634058] i2c /dev entries driver
[    0.634633] device-mapper: uevent: version 1.0.3
[    0.635439] device-mapper: ioctl: 4.37.0-ioctl (2017-09-20) initialised: dm-devel@redhat.com
[    0.637220] ledtrig-cpu: registered to indicate activity on CPUs
[    0.638539] NET: Registered protocol family 10
[    0.642157] Segment Routing with IPv6
[    0.642733] NET: Registered protocol family 17
[    0.643474] Key type dns_resolver registered
[    0.644370] mce: Using 0 MCE banks
[    0.644904] RAS: Correctable Errors collector initialized.
[    0.645712] sched_clock: Marking stable (644349218, 0)->(869718119, -225368901)
[    0.647313] registered taskstats version 1
[    0.647945] Loading compiled-in X.509 certificates
[    0.650174] Loaded X.509 cert 'Build time autogenerated kernel key: 12f2d460e247d21dc5d156478bb7d4abc0f5a070'
[    0.651720] zswap: loaded using pool lzo/zbud
[    0.655829] Key type big_key registered
[    0.656444] Key type trusted registered
[    0.658247] Key type encrypted registered
[    0.658867] AppArmor: AppArmor sha1 policy hashing enabled
[    0.659680] ima: No TPM chip found, activating TPM-bypass! (rc=-19)
[    0.660649] ima: Allocated hash algorithm: sha1
[    0.661336] evm: HMAC attrs: 0x1
[    0.662018]   Magic number: 8:575:31
[    0.662661] rtc_cmos rtc_cmos: setting system clock to 2020-10-28 14:01:07 UTC (1603893667)
[    0.664007] BIOS EDD facility v0.16 2004-Jun-25, 0 devices found
[    0.664906] EDD information not available.
[    0.850543] Freeing unused kernel image memory: 2436K
[    1.058079] Write protecting the kernel read-only data: 20480k
[    1.061637] Freeing unused kernel image memory: 2008K
[    1.063183] Freeing unused kernel image memory: 1872K
[    1.072933] x86/mm: Checked W+X mappings: passed, no W+X pages found.
[    1.074707] x86/mm: Checking user space page tables
[    1.083178] x86/mm: Checked W+X mappings: passed, no W+X pages found.
Loading, please wait...
starting version 237
[    1.135830] Fusion MPT base driver 3.04.20
[    1.135832] e1000: Intel(R) PRO/1000 Network Driver - version 7.3.21-k8-NAPI
[    1.137138] Copyright (c) 1999-2008 LSI Corporation
[    1.139568] e1000: Copyright (c) 1999-2006 Intel Corporation.
[    1.145709] Fusion MPT SPI Host driver 3.04.20
[    1.152511] AVX2 version of gcm_enc/dec engaged.
[    1.153864] AES CTR mode by8 optimization enabled
[    1.348227] input: ImExPS/2 Generic Explorer Mouse as /devices/platform/i8042/serio1/input/input4
[    1.520998] e1000 0000:00:03.0 eth0: (PCI:33MHz:32-bit) 02:7d:29:b6:4b:3c
[    1.522673] e1000 0000:00:03.0 eth0: Intel(R) PRO/1000 Network Connection
[    1.525009] mptbase: ioc0: Initiating bringup
[    1.525035] e1000 0000:00:03.0 enp0s3: renamed from eth0
[    1.877509] ioc0: LSI53C1030 A0: Capabilities={Initiator}
[    4.075918] scsi host2: ioc0: LSI53C1030 A0, FwRev=00000000h, Ports=1, MaxQ=256, IRQ=20
[    5.715546] scsi 2:0:0:0: Direct-Access     VBOX     HARDDISK         1.0  PQ: 0 ANSI: 5
[    6.104672] scsi target2:0:0: Beginning Domain Validation
[    6.108336] scsi target2:0:0: Domain Validation skipping write tests
[    6.109916] scsi target2:0:0: Ending Domain Validation
[    6.111358] scsi target2:0:0: asynchronous
[    6.112749] scsi 2:0:1:0: Direct-Access     VBOX     HARDDISK         1.0  PQ: 0 ANSI: 5
[    7.140244] scsi target2:0:1: Beginning Domain Validation
[    7.143458] random: fast init done
[    7.144415] scsi target2:0:1: Domain Validation skipping write tests
[    7.145773] scsi target2:0:1: Ending Domain Validation
[    7.146994] scsi target2:0:1: asynchronous
[    7.152254] random: systemd-udevd: uninitialized urandom read (16 bytes read)
[    7.152737] sd 2:0:0:0: [sda] 41943040 512-byte logical blocks: (21.5 GB/20.0 GiB)
[    7.153808] random: systemd-udevd: uninitialized urandom read (16 bytes read)
[    7.155679] sd 2:0:0:0: Attached scsi generic sg0 type 0
[    7.155697] sd 2:0:0:0: [sda] Write Protect is off
[    7.157021] random: systemd-udevd: uninitialized urandom read (16 bytes read)
[    7.158081] sd 2:0:0:0: [sda] Incomplete mode parameter data
[    7.161842] sd 2:0:0:0: [sda] Assuming drive cache: write through
[    7.163179] sd 2:0:1:0: Attached scsi generic sg1 type 0
[    7.164830] sd 2:0:1:0: [sdb] 20480 512-byte logical blocks: (10.5 MB/10.0 MiB)
[    7.166245] sd 2:0:1:0: [sdb] Write Protect is off
[    7.167264] sd 2:0:1:0: [sdb] Incomplete mode parameter data
[    7.168298] sd 2:0:1:0: [sdb] Assuming drive cache: write through
[    7.169961]  sda: sda1
[    7.171652] sd 2:0:0:0: [sda] Attached SCSI disk
[    7.172904] sd 2:0:1:0: [sdb] Attached SCSI disk
Begin: Loading essential drivers ... [    8.868302] raid6: sse2x1   gen() 13651 MB/s
[    8.916283] raid6: sse2x1   xor()  8481 MB/s
[    8.964670] raid6: sse2x2   gen() 17557 MB/s
[    9.012301] raid6: sse2x2   xor() 11766 MB/s
[    9.060265] raid6: sse2x4   gen() 19095 MB/s
[    9.108101] raid6: sse2x4   xor() 11453 MB/s
[    9.156237] raid6: avx2x1   gen() 28986 MB/s
[    9.204071] raid6: avx2x1   xor() 15076 MB/s
[    9.252516] raid6: avx2x2   gen() 31762 MB/s
[    9.300145] raid6: avx2x2   xor() 20962 MB/s
[    9.348338] raid6: avx2x4   gen() 35632 MB/s
[    9.396262] raid6: avx2x4   xor() 22626 MB/s
[    9.397110] raid6: using algorithm avx2x4 gen() 35632 MB/s
[    9.397941] raid6: .... xor() 22626 MB/s, rmw enabled
[    9.398692] raid6: using avx2x2 recovery algorithm
[    9.400531] xor: automatically using best checksumming function   avx       
[    9.402401] async_tx: api initialized (async)
done.
Begin: Running /scripts/init-premount ... done.
Begin: Mounting root file system ... Begin: Running /scripts/local-top ... done.
Begin: Running /scripts/local-premount ... [    9.434944] Btrfs loaded, crc32c=crc32c-intel
Scanning for Btrfs filesystems
done.
Warning: fsck not present, so skipping root file system
[    9.451441] EXT4-fs (sda1): mounted filesystem with ordered data mode. Opts: (null)
done.
Begin: Running /scripts/local-bottom ... done.
Begin: Running /scripts/init-bottom ... done.
[    9.552209] ip_tables: (C) 2000-2006 Netfilter Core Team
[    9.556932] systemd[1]: systemd 237 running in system mode. (+PAM +AUDIT +SELINUX +IMA +APPARMOR +SMACK +SYSVINIT +UTMP +LIBCRYPTSETUP +GCRYPT +GNUTLS +ACL +XZ +LZ4 +SECCOMP +BLKID +ELFUTILS +KMOD -IDN2 +IDN -PCRE2 default-hierarchy=hybrid)
[    9.560284] systemd[1]: Detected virtualization oracle.
[    9.561190] systemd[1]: Detected architecture x86-64.

Welcome to [1mUbuntu 18.04.5 LTS[0m!

[    9.568783] systemd[1]: Set hostname to <ubuntu>.
[    9.571435] systemd[1]: Initializing machine ID from random generator.
[    9.572543] systemd[1]: Installed transient /etc/machine-id file.
[    9.747257] systemd[1]: Started Forward Password Requests to Wall Directory Watch.
[[0;32m  OK  [0m] Started Forward Password Requests to Wall Directory Watch.
[    9.749630] systemd[1]: Reached target Swap.
[[0;32m  OK  [0m] Reached target Swap.
[    9.750994] systemd[1]: Set up automount Arbitrary Executable File Formats File System Automount Point.
[[0;32m  OK  [0m] Set up automount Arbitrary Executabâ€¦rmats File System Automount Point.
[    9.755822] systemd[1]: Created slice User and Session Slice.
[[0;32m  OK  [0m] Created slice User and Session Slice.
[[0;32m  OK  [0m] Reached target User and Group Name Lookups.
[[0;32m  OK  [0m] Created slice System Slice.
[[0;32m  OK  [0m] Listening on Journal Socket (/dev/log).
[[0;32m  OK  [0m] Listening on udev Control Socket.
[[0;32m  OK  [0m] Listening on Device-mapper event daemon FIFOs.
[[0;32m  OK  [0m] Reached target Slices.
[[0;32m  OK  [0m] Listening on udev Kernel Socket.
[[0;32m  OK  [0m] Listening on LVM2 poll daemon socket.
[[0;32m  OK  [0m] Listening on Syslog Socket.
[[0;32m  OK  [0m] Listening on Network Service Netlink Socket.
[[0;32m  OK  [0m] Created slice system-serial\x2dgetty.slice.
[[0;32m  OK  [0m] Listening on LVM2 metadata daemon socket.
[[0;32m  OK  [0m] Listening on Journal Audit Socket.
[[0;32m  OK  [0m] Listening on Journal Socket.
         Starting Journal Service...
         Starting Create list of required stâ€¦ce nodes for the current kernel...
         Starting Monitoring of LVM2 mirrorsâ€¦ng dmeventd or progress polling...
         Mounting POSIX Message Queue File System...
         Mounting Huge Pages File System...
         Starting Uncomplicated firewall...
         Starting Set the console keyboard layout...
         Starting Remount Root and Kernel File Systems...
         Mounting Kernel Debug File System...
         Starting Load Kernel Modules...
         Starting udev Coldplug all Devices...
[[0;32m  OK  [0m] Reached target System Time Synchronized.
[[0;32m  OK  [0m] Listening on /dev/initctl Compatibility Named Pipe.
[    9.868271] Loading iSCSI transport class v2.0-870.
[[0;32m  OK  [0m] Started Journal Service.
[    9.873248] iscsi: registered transport (tcp)
[[0;32m  OK  [0m] Started Create list of required staâ€¦vice nodes for the current kernel.
[[0;32m  OK  [0m] Mounted POSIX Message Queue File System.
[[0;32m  OK  [0m] Mounted Huge Pages File System.
[[0;32m  OK  [0m] Started Uncomplicated firewall.
[[0;32m  OK  [0m] Mounted Kernel Debug File System.
[[    9.888631] iscsi: registered transport (iser)
[0;32m  OK  [0m] Started LVM2 metadata daemon.
         Starting Create Static Device Nodes in /dev...
[[0;32m  OK  [0m] Started Load Kernel Modules.
         Mounting FUSE Control File System...
[    9.901051] EXT4-fs (sda1): re-mounted. Opts: (null)
         Mounting Kernel Configuration File System...
         Starting Apply Kernel Variables...
[[0;32m  OK  [0m] Started Remount Root and Kernel File Systems.
[[0;32m  OK  [0m] Mounted FUSE Control File System.
[[0;32m  OK  [0m] Started Create Static Device Nodes in /dev.
[[0;32m  OK  [0m] Mounted Kernel Configuration File System.
         Starting udev Kernel Device Manager...
         Starting Flush Journal to Persistent Storage...
         Starting Load/Save Random Seed...
[[0;32m  OK  [0m] Started Monitoring of LVM2 mirrors,â€¦sing dmeventd or progress polling.
[[0;32m  OK  [0m] Started udev Coldplug all Devices.
[[0;32m  OK  [0m] Started udev Kernel Device Manager.
[[0;32m  OK  [0m] Started Apply Kernel Variables.
[[0;32m  OK  [0m] Started Set the console keyboard layout.
[[0;32m  OK  [0m] Reached target Local File Systems (Pre).
[[0;32m  OK  [0m] Reached target Local File Systems.
         Starting Set console font and keymap...
         Starting Commit a transient machine-id on disk...
         Starting Tell Plymouth To Write Out Runtime Data...
         Starting ebtables ruleset management...
         Starting AppArmor initialization...
[[0;32m  OK  [0m] Started Dispatch Password Requests to Console Directory Watch.
[[0;32m  OK  [0m] Reached target Local Encrypted Volumes.
[[0;32m  OK  [0m] Started Load/Save Random Seed.
[[0;32m  OK  [0m] Started Set console font and keymap.
[[0;32m  OK  [0m] Started Tell Plymouth To Write Out Runtime Data.
[[0;32m  OK  [0m] Started Commit a transient machine-id on disk.
[[0;32m  OK  [0m] Started Flush Journal to Persistent Storage.
         Starting Create Volatile Files and Directories...
[[0;32m  OK  [0m] Started Create Volatile Files and Directories.
         Starting Update UTMP about System Boot/Shutdown...
[[0;32m  OK  [0m] Started Update UTMP about System Boot/Shutdown.
[[0;32m  OK  [0m] Started ebtables ruleset management.
[[0;32m  OK  [0m] Found device /dev/ttyS0.
[[0;32m  OK  [0m] Listening on Load/Save RF Kill Switch Status /dev/rfkill Watch.
[[0;32m  OK  [0m] Started AppArmor initialization.
         Starting Initial cloud-init job (pre-networking)...
         Starting Load AppArmor profiles managed internally by snapd...
[[0;32m  OK  [0m] Started Load AppArmor profiles managed internally by snapd.
[   11.066726] cloud-init[597]: Cloud-init v. 20.3-2-g371b392c-0ubuntu1~18.04.1 running 'init-local' at Wed, 28 Oct 2020 14:01:17 +0000. Up 10.82 seconds.
[[0;32m  OK  [0m] Started Initial cloud-init job (pre-networking).
[[0;32m  OK  [0m] Reached target Network (Pre).
         Starting Network Service...
[[0;32m  OK  [0m] Started Network Service.
         Starting Network Name Resolution...
         Starting Wait for Network to be Configured...
[[0;32m  OK  [0m] Started Network Name Resolution.
[[0;32m  OK  [0m] Reached target Host and Network Name Lookups.
[[0;32m  OK  [0m] Reached target Network.
[[0;32m  OK  [0m] Started Wait for Network to be Configured.
         Starting Initial cloud-init job (metadata service crawler)...
[   12.832515] cloud-init[733]: Cloud-init v. 20.3-2-g371b392c-0ubuntu1~18.04.1 running 'init' at Wed, 28 Oct 2020 14:01:19 +0000. Up 12.73 seconds.
[   12.834398] cloud-init[733]: ci-info: ++++++++++++++++++++++++++++++++++++++Net device info++++++++++++++++++++++++++++++++++++++
[   12.836574] cloud-init[733]: ci-info: +--------+------+----------------------------+---------------+--------+-------------------+
[   12.838429] cloud-init[733]: ci-info: | Device |  Up  |          Address           |      Mask     | Scope  |     Hw-Address    |
[   12.840439] cloud-init[733]: ci-info: +--------+------+----------------------------+---------------+--------+-------------------+
[   12.842178] cloud-init[733]: ci-info: | enp0s3 | True |         10.0.2.15          | 255.255.255.0 | global | 02:7d:29:b6:4b:3c |
[   12.843840] cloud-init[733]: ci-info: | enp0s3 | True | fe80::7d:29ff:feb6:4b3c/64 |       .       |  link  | 02:7d:29:b6:4b:3c |
[   12.845553] cloud-init[733]: ci-info: |   lo   | True |         127.0.0.1          |   255.0.0.0   |  host  |         .         |
[   12.847175] cloud-init[733]: ci-info: |   lo   | True |          ::1/128           |       .       |  host  |         .         |
[   12.849285] cloud-init[733]: ci-info: +--------+------+----------------------------+---------------+--------+-------------------+
[   12.851183] cloud-init[733]: ci-info: ++++++++++++++++++++++++++++Route IPv4 info+++++++++++++++++++++++++++++
[   12.852843] cloud-init[733]: ci-info: +-------+-------------+----------+-----------------+-----------+-------+
[   12.854234] cloud-init[733]: ci-info: | Route | Destination | Gateway  |     Genmask     | Interface | Flags |
[   12.855697] cloud-init[733]: ci-info: +-------+-------------+----------+-----------------+-----------+-------+
[   12.857227] cloud-init[733]: ci-info: |   0   |   0.0.0.0   | 10.0.2.2 |     0.0.0.0     |   enp0s3  |   UG  |
[   12.858606] cloud-init[733]: ci-info: |   1   |   10.0.2.0  | 0.0.0.0  |  255.255.255.0  |   enp0s3  |   U   |
[   12.859988] cloud-init[733]: ci-info: |   2   |   10.0.2.2  | 0.0.0.0  | 255.255.255.255 |   enp0s3  |   UH  |
[   12.861330] cloud-init[733]: ci-info: +-------+-------------+----------+-----------------+-----------+-------+
[   12.863033] cloud-init[733]: ci-info: +++++++++++++++++++Route IPv6 info+++++++++++++++++++
[   12.864225] cloud-init[733]: ci-info: +-------+-------------+---------+-----------+-------+
[   12.865788] cloud-init[733]: ci-info: | Route | Destination | Gateway | Interface | Flags |
[   12.867187] cloud-init[733]: ci-info: +-------+-------------+---------+-----------+-------+
[   12.868951] cloud-init[733]: ci-info: |   1   |  fe80::/64  |    ::   |   enp0s3  |   U   |
[   12.870279] cloud-init[733]: ci-info: |   3   |    local    |    ::   |   enp0s3  |   U   |
[   12.871514] cloud-init[733]: ci-info: |   4   |   ff00::/8  |    ::   |   enp0s3  |   U   |
[   12.872515] cloud-init[733]: ci-info: +-------+-------------+---------+-----------+-------+
[   13.697344] cloud-init[733]: Generating public/private rsa key pair.
[   13.698631] cloud-init[733]: Your identification has been saved in /etc/ssh/ssh_host_rsa_key.
[   13.700141] cloud-init[733]: Your public key has been saved in /etc/ssh/ssh_host_rsa_key.pub.
[   13.701367] cloud-init[733]: The key fingerprint is:
[   13.702148] cloud-init[733]: SHA256:JTUhXfoEOD5f+KDUdc4k+qe9z2wChWaxDCbINiIgf1U root@ubuntu-bionic
[   13.703525] cloud-init[733]: The key's randomart image is:
[   13.704413] cloud-init[733]: +---[RSA 2048]----+
[   13.705110] cloud-init[733]: |o.   ..oEo=o.    |
[   13.705810] cloud-init[733]: |... ..= +o+++ o  |
[   13.706490] cloud-init[733]: |  ...o o.=o*.X   |
[   13.707147] cloud-init[733]: |   .    +o=oB +  |
[   13.707804] cloud-init[733]: |       .S+ B..   |
[   13.708533] cloud-init[733]: |        . . + .  |
[   13.709230] cloud-init[733]: |             =   |
[   13.709941] cloud-init[733]: |            . oo.|
[   13.710658] cloud-init[733]: |              .=+|
[   13.711284] cloud-init[733]: +----[SHA256]-----+
[   13.711920] cloud-init[733]: Generating public/private dsa key pair.
[   13.712710] cloud-init[733]: Your identification has been saved in /etc/ssh/ssh_host_dsa_key.
[   13.713911] cloud-init[733]: Your public key has been saved in /etc/ssh/ssh_host_dsa_key.pub.
[   13.715048] cloud-init[733]: The key fingerprint is:
[   13.715771] cloud-init[733]: SHA256:44Wvv6EQwdrgw6R7nUdhJrGsgKMav0aINkEgXak+Mxc root@ubuntu-bionic
[   13.717392] cloud-init[733]: The key's randomart image is:
[   13.718302] cloud-init[733]: +---[DSA 1024]----+
[   13.719094] cloud-init[733]: |+. ....          |
[   13.719981] cloud-init[733]: |.o. .o o         |
[   13.720749] cloud-init[733]: |+ ..o * +        |
[   13.721534] cloud-init[733]: |.o.*E= = o       |
[   13.722338] cloud-init[733]: |+oo *.o S .      |
[   13.723088] cloud-init[733]: |+=*..o = +       |
[   13.723915] cloud-init[733]: |o.+=. + o o      |
[   13.724659] cloud-init[733]: |  .o   o o .     |
[[0;32m  OK  [0m] Started Initial cloud-init job (metadata service crawler).
[   13.736417] cloud-init[733]: | ..     o.o.     |
[[0;32m  OK  [0m] Reached target Network is Online.
[   13.737788] cloud-init[733]: +----[SHA256]-----+
[[0;32m  OK  [0m] Reached target Remote File Systems (Pre).
[   13.750277] cloud-init[733]: Generating public/private ecdsa key pair.
[[0;32m  OK  [0m] Reached target Remote File Systems.
[   13.751142] cloud-init[733]: Your identification has been saved in /etc/ssh/ssh_host_ecdsa_key.
         Starting Availability of block devices...
[   13.754218] [cloud-init[0;32m  OK  [0m[733]: ] Your public key has been saved in /etc/ssh/ssh_host_ecdsa_key.pub.Reached target Cloud-config availability.

[[0;32m  OK  [0m] Reached target System Initialization.
[   13.756819] cloud-init[733]: The key fingerprint is:
[[0;32m  OK  [0m] Listening on UUID daemon activation socket.
[   13.758227] cloud-init[733]: SHA256:Kw+mT8KI0a/XpsPj8fIlS8UwaDtHhHYYXHAl679kpQo root@ubuntu-bionic
[[0;32m  OK  [0m] Started ACPI Events Check.
[[   13.760670] [0;32m  OK  [0mcloud-init] [733]: Reached target Paths.The key's randomart image is:

[[   13.762562] [0;32m  OK  [0mcloud-init] Listening on D-Bus System Message Bus Socket.[733]: 
+---[ECDSA 256]---+
[[0;32m  OK  [0m] Started Message of the Day.
[   13.764076]          Starting Socket activation for snappy daemon.
[[0;32m  OK  [0m] Started Discard unused blocks once a week.
         Starting LXD - unix socket.
[[0;32m  OK  [0m] Started Daily apt download activities.
[[0;32m  OK  [0m] Listening on Open-iSCSI iscsid Socket.
[[0;32m  OK  [0m] Listening on ACPID Listen Socket.
[[0;32m  OK  [0m] Started Daily apt upgrade and clean activities.
[[0;32m  OK  [0m] Started Daily Cleanup of Temporary Directories.
[[0;32m  OK  [0m] Reached target Timers.
[[0;32m  OK  [0m] Listening on Socket activation for snappy daemon.
[[0;32m  OK  [0m] Listening on LXD - unix socket.
[[0;32m  OK  [0m] Reached target Sockets.
[[0;32m  OK  [0m] Reached target Basic System.
cloud-init[733]: |   .o*=..        |
         Starting Login Service...
[   13.777077] cloud-init[733]: |    =+.o         |[[0;32m  OK  [0m] Started D-Bus System Message Bus.

[   13.778837] cloud-init[733]: |   .o.=          |
[   13.779676] cloud-init[733]: | . . + +         |
[   13.780575] cloud-init[733]: |. . o o S .      |
[   13.781329] cloud-init[733]: | o + o o +       |
[   13.782120] cloud-init[733]: |. ..E.B B        |
[   13.782983] cloud-init[733]: |   .*Xo@ .       |
[   13.783774] cloud-init[733]: |  .o+O* o        |
[   13.784622] cloud-init[733]: +----[SHA256]-----+
[   13.785493] cloud-init[733]: Generating public/private ed25519 key pair.
[   13.786448] cloud-init[733]: Your identification has been saved in /etc/ssh/ssh_host_ed25519_key.
[   13.787697] cloud-init[733]: Your public key has been saved in /etc/ssh/ssh_host_ed25519_key.pub.
[   13.789025] cloud-init[733]: The key fingerprint is:
[   13.789751] cloud-init[733]: SHA256:O3p8vOGFktNMzyC6jBkYS7+WnJ3AHZI50VNRM6FbZDw root@ubuntu-bionic
[   13.791060] cloud-init[733]: The key's randomart image is:
[   13.792360] cloud-init[733]: +--[ED25519 256]--+
[   13.793140] cloud-init[733]: |     . .o+B.     |
[   13.793898] cloud-init[733]: |    . o  +Eo     |
[   13.808796] cloud-init[733]: |     + .. ..     |
[   13.809611] cloud-init[733]: |    = .  o       |
[   13.810314] cloud-init[733]: |  o. + .S o      |
[   13.810996] cloud-init[733]: | . =o .. B =     |
[   13.811911] cloud-init[733]: |  o.o=.o*.= +    |
[   13.824635]          cloud-initStarting Dispatcher daemon for systemd-networkd...[733]: 
|    =*ooo=oo     |
         Starting Virtualbox guest utils...
[   13.826945] cloud-init[733]: |   .+ +. .o.     |
[   13.828446] cloud-init[733]: +----[SHA256]-----+
[[0;32m  OK  [0m] Started Regular background program processing daemon.
         Starting Permit User Sessions...
         Starting LSB: automatic crash report generation...
[[0;32m  OK  [0m] Started irqbalance daemon.
         Starting LSB: Record successful boot for GRUB...
         Starting Snap Daemon...
         Starting LXD - container startup/shutdown...
[[0;32m  OK  [0m] Started Deferred execution scheduler.
         Starting Pollinate to seed the pseudo random number generator...
[[0;32m  OK  [0m] Started FUSE filesystem for LXC.
         Starting Accounts Service...
         Starting System Logging Service...
[[0;32m  OK  [0m] Started Dispatcher daemon for systemd-networkd.
[[0;32m  OK  [0m] Started Availability of block devices.
[[0;32m  OK  [0m] Started Permit User Sessions.
[[0;32m  OK  [0m] Started LXD - container startup/shutdown.
[[0;32m  OK  [0m] Started Login Service.
[[0;32m  OK  [0m] Started Unattended Upgrades Shutdown.
         Starting Terminate Plymouth Boot Screen...
         Starting Hold until boot process finishes up...
[[0;32m  OK  [0m] Started System Logging Service.
[[0;32m  OK  [0m] Started Terminate Plymouth Boot Screen.
[[0;32m  OK  [0m] Started Hold until boot process finishes up.
         Starting Set console scheme...
[[0;32m  OK  [0m] Started Serial Getty on ttyS0.
[[0;32m  OK  [0m] Started LSB: automatic crash report generation.
[[0;32m  OK  [0m] Started Set console scheme.
[[0;32m  OK  [0m] Created slice system-getty.slice.
[[0;32m  OK  [0m] Started Getty on tty1.
[[0;32m  OK  [0m] Reached target Login Prompts.
         Starting Authorization Manager...
[[0;32m  OK  [0m] Started LSB: Record successful boot for GRUB.
[[0;32m  OK  [0m] Started Virtualbox guest utils.
[[0;32m  OK  [0m] Started Authorization Manager.
[[0;32m  OK  [0m] Started Accounts Service.
[[0;32m  OK  [0m] Started Snap Daemon.
         Starting Wait until snapd is fully seeded...
[[0;32m  OK  [0m] Started Pollinate to seed the pseudo random number generator.
         Starting OpenBSD Secure Shell server...
[[0;32m  OK  [0m] Started OpenBSD Secure Shell server.
[[0;32m  OK  [0m] Created slice User Slice of vagrant.
         Starting User Manager for UID 1000...
[[0;32m  OK  [0m] Started Session 1 of user vagrant.
[[0;32m  OK  [0m] Started User Manager for UID 1000.
[[0;32m  OK  [0m] Started Wait until snapd is fully seeded.
         Starting Apply the settings specified in cloud-config...
[[0;32m  OK  [0m] Reached target Multi-User System.
[[0;32m  OK  [0m] Reached target Graphical Interface.
         Starting Update UTMP about System Runlevel Changes...
[[0;32m  OK  [0m] Started Update UTMP about System Runlevel Changes.
         Stopping User Manager for UID 1000...
[[0;32m  OK  [0m] Stopped User Manager for UID 1000.
[[0;32m  OK  [0m] Removed slice User Slice of vagrant.
[[0;32m  OK  [0m] Created slice User Slice of vagrant.
         Starting User Manager for UID 1000...
[[0;32m  OK  [0m] Started Session 3 of user vagrant.
[[0;32m  OK  [0m] Started User Manager for UID 1000.
[   17.102087] cloud-init[1579]: Cloud-init v. 20.3-2-g371b392c-0ubuntu1~18.04.1 running 'modules:config' at Wed, 28 Oct 2020 14:01:23 +0000. Up 16.83 seconds.
[[0;32m  OK  [0m] Started Apply the settings specified in cloud-config.
         Starting Execute cloud user/final scripts...
ci-info: no authorized SSH keys fingerprints found for user ubuntu.
<14>Oct 28 14:01:24 ec2: 
<14>Oct 28 14:01:24 ec2: #############################################################
<14>Oct 28 14:01:24 ec2: -----BEGIN SSH HOST KEY FINGERPRINTS-----
<14>Oct 28 14:01:24 ec2: 1024 SHA256:44Wvv6EQwdrgw6R7nUdhJrGsgKMav0aINkEgXak+Mxc root@ubuntu-bionic (DSA)
<14>Oct 28 14:01:24 ec2: 256 SHA256:Kw+mT8KI0a/XpsPj8fIlS8UwaDtHhHYYXHAl679kpQo root@ubuntu-bionic (ECDSA)
<14>Oct 28 14:01:24 ec2: 256 SHA256:O3p8vOGFktNMzyC6jBkYS7+WnJ3AHZI50VNRM6FbZDw root@ubuntu-bionic (ED25519)
<14>Oct 28 14:01:24 ec2: 2048 SHA256:JTUhXfoEOD5f+KDUdc4k+qe9z2wChWaxDCbINiIgf1U root@ubuntu-bionic (RSA)
<14>Oct 28 14:01:24 ec2: -----END SSH HOST KEY FINGERPRINTS-----
<14>Oct 28 14:01:24 ec2: #############################################################
-----BEGIN SSH HOST KEY KEYS-----
ecdsa-sha2-nistp256 AAAAE2VjZHNhLXNoYTItbmlzdHAyNTYAAAAIbmlzdHAyNTYAAABBBEN+nkTH1N2r2U8/Eda/C7bhX3H6vkq+VCXWf2whhWHj8yCjLmy70sDTPWkoqjV17nmjxy/ry0nZWxLzE3iZzwo= root@ubuntu-bionic
ssh-ed25519 AAAAC3NzaC1lZDI1NTE5AAAAICVV1lyilZTtfmAP/11Yeq8wwvZucowdK3CFOIMqa+SL root@ubuntu-bionic
ssh-rsa AAAAB3NzaC1yc2EAAAADAQABAAABAQDUSVW+K+W3IvQxG6ohYryU+DBXtvGgmAQ+vyi/NDmR1Lmpalu8Eu1G0L4EVfth3Wm6Uz+El7QrZTXdFNOHPVLAMZZIbDaMlHv7dE2SVmSFXKQTPZgrnxiOX9MzyW/21Gc9vNxMDpcq6w5JKu/FCVJlotO267KSwRBhXS1NpkVRFYH/onTXldDomuFbrt2FsGHbkkOFI1PLk/GmImkFk6Cmqx1BE1kL5wGjY5Qt6aXdZtAlsbCKtA4OLCJi0kA2qGPksifpCxIqEDvWeGVDJbpgVq9swVgNhlxKRMDzy4cZcAB89D+Zcc2xXsRhmAFJGBZ2Y48dBW1VeGDMbgOXJktl root@ubuntu-bionic
-----END SSH HOST KEY KEYS-----
[   17.499722] cloud-init[1737]: Cloud-init v. 20.3-2-g371b392c-0ubuntu1~18.04.1 running 'modules:final' at Wed, 28 Oct 2020 14:01:24 +0000. Up 17.38 seconds.
[   17.501367] cloud-init[1737]: ci-info: no authorized SSH keys fingerprints found for user ubuntu.
[   17.502462] cloud-init[1737]: Cloud-init v. 20.3-2-g371b392c-0ubuntu1~18.04.1 finished at Wed, 28 Oct 2020 14:01:24 +0000. Datasource DataSourceNoCloud [seed=/dev/sdb][dsmode=net].  Up 17.49 seconds
[[0;32m  OK  [0m] Started Execute cloud user/final scripts.
[[0;32m  OK  [0m] Reached target Cloud-init target.

Ubuntu 18.04.5 LTS ubuntu-bionic ttyS0

ubuntu-bionic login: 